[vagrant@lvm vagrant]$ lsblk
NAME                    MAJ:MIN RM  SIZE RO TYPE MOUNTPOINT
sda                       8:0    0   40G  0 disk
├─sda1                    8:1    0    1M  0 part
├─sda2                    8:2    0    1G  0 part /boot
└─sda3                    8:3    0   39G  0 part
  ├─VolGroup00-LogVol01 253:1    0  1.5G  0 lvm  [SWAP]
  └─VolGroup00-LogVol00 253:2    0 37.5G  0 lvm
sdb                       8:16   0   10G  0 disk
└─vg_root-lv_root       253:0    0   10G  0 lvm  /
sdc                       8:32   0    2G  0 disk
sdd                       8:48   0    1G  0 disk
sde                       8:64   0    1G  0 disk
[vagrant@lvm vagrant]$ lv remove /dev/VolGroup00/LogVol00
bash: lv: command not found
[vagrant@lvm vagrant]$ sudo lvremove /dev/VolGroup00/LogVol00
Do you really want to remove active logical volume VolGroup00/LogVol00? [y/n]: y
  Logical volume "LogVol00" successfully removed
[vagrant@lvm vagrant]$ lsblk
NAME                    MAJ:MIN RM  SIZE RO TYPE MOUNTPOINT
sda                       8:0    0   40G  0 disk
├─sda1                    8:1    0    1M  0 part
├─sda2                    8:2    0    1G  0 part /boot
└─sda3                    8:3    0   39G  0 part
  └─VolGroup00-LogVol01 253:1    0  1.5G  0 lvm  [SWAP]
sdb                       8:16   0   10G  0 disk
└─vg_root-lv_root       253:0    0   10G  0 lvm  /
sdc                       8:32   0    2G  0 disk
sdd                       8:48   0    1G  0 disk
sde                       8:64   0    1G  0 disk
[vagrant@lvm vagrant]$ lvcreate -n VolGroup00/LogVol00 -L 8G /dev/VolGroup00
  WARNING: Running as a non-root user. Functionality may be unavailable.
  /run/lvm/lvmetad.socket: access failed: Permission denied
  WARNING: Failed to connect to lvmetad. Falling back to device scanning.
  /dev/mapper/control: open failed: Permission denied
  Failure to communicate with kernel device-mapper driver.
  Incompatible libdevmapper 1.02.146-RHEL7 (2018-01-22) and kernel driver (unkno                                                                                                                                                             wn version).
  striped: Required device-mapper target(s) not detected in your kernel.
  Run `lvcreate --help' for more information.
[vagrant@lvm vagrant]$ sudo lvcreate -n VolGroup00/LogVol00 -L 8G /dev/VolGroup0                                                                                                                                                             0
WARNING: xfs signature detected on /dev/VolGroup00/LogVol00 at offset 0. Wipe it                                                                                                                                                             ? [y/n]: y
  Wiping xfs signature on /dev/VolGroup00/LogVol00.
  Logical volume "LogVol00" created.
[vagrant@lvm vagrant]$ lsblk
NAME                    MAJ:MIN RM  SIZE RO TYPE MOUNTPOINT
sda                       8:0    0   40G  0 disk
├─sda1                    8:1    0    1M  0 part
├─sda2                    8:2    0    1G  0 part /boot
└─sda3                    8:3    0   39G  0 part
  ├─VolGroup00-LogVol01 253:1    0  1.5G  0 lvm  [SWAP]
  └─VolGroup00-LogVol00 253:2    0    8G  0 lvm
sdb                       8:16   0   10G  0 disk
└─vg_root-lv_root       253:0    0   10G  0 lvm  /
sdc                       8:32   0    2G  0 disk
sdd                       8:48   0    1G  0 disk
sde                       8:64   0    1G  0 disk
[vagrant@lvm vagrant]$ sudo mkfs.xfs /dev/VolGroup00/LogVol00
meta-data=/dev/VolGroup00/LogVol00 isize=512    agcount=4, agsize=524288 blks
         =                       sectsz=512   attr=2, projid32bit=1
         =                       crc=1        finobt=0, sparse=0
data     =                       bsize=4096   blocks=2097152, imaxpct=25
         =                       sunit=0      swidth=0 blks
naming   =version 2              bsize=4096   ascii-ci=0 ftype=1
log      =internal log           bsize=4096   blocks=2560, version=2
         =                       sectsz=512   sunit=0 blks, lazy-count=1
realtime =none                   extsz=4096   blocks=0, rtextents=0
[vagrant@lvm vagrant]$ mount /dev/VolGroup00/LogVol00 /mnt
mount: only root can do that
[vagrant@lvm vagrant]$ sudo mount /dev/VolGroup00/LogVol00 /mnt
[vagrant@lvm vagrant]$ sudo xfsdump -J - /dev/vg_root/lv_root |sudo xfsrestore -                                                                                                                                                             J - /mnt
xfsdump: using file dump (drive_simple) strategy
xfsdump: version 3.1.7 (dump format 3.0)
xfsdump: level 0 dump of lvm:/
xfsdump: dump date: Fri Feb 14 09:02:47 2020
xfsdump: session id: 2c8bcbf7-a847-472b-beaf-f1d9e03222bb
xfsdump: session label: ""
xfsrestore: using file dump (drive_simple) strategy
xfsrestore: version 3.1.7 (dump format 3.0)
xfsrestore: searching media for dump
xfsdump: ino map phase 1: constructing initial dump list
xfsdump: ino map phase 2: skipping (no pruning necessary)
xfsdump: ino map phase 3: skipping (only one dump stream)
xfsdump: ino map construction complete
xfsdump: estimated dump size: 758185408 bytes
xfsdump: creating dump session media file 0 (media 0, file 0)
xfsdump: dumping ino map
xfsdump: dumping directories
xfsrestore: examining media file 0
xfsrestore: dump description:
xfsrestore: hostname: lvm
xfsrestore: mount point: /
xfsrestore: volume: /dev/mapper/vg_root-lv_root
xfsrestore: session time: Fri Feb 14 09:02:47 2020
xfsrestore: level: 0
xfsrestore: session label: ""
xfsrestore: media label: ""
xfsrestore: file system id: 67a27c85-cffc-4b2e-866c-4c2f7ea74235
xfsrestore: session id: 2c8bcbf7-a847-472b-beaf-f1d9e03222bb
xfsrestore: media id: 35929c32-5ede-4bb4-bed2-eced1bdc0ef4
xfsrestore: searching media for directory dump
xfsrestore: reading directories
xfsdump: dumping non-directory files
xfsrestore: 2756 directories and 23758 entries processed
xfsrestore: directory post-processing
xfsrestore: restoring non-directory files
xfsdump: ending media file
xfsdump: media file size 734753856 bytes
xfsdump: dump size (non-dir files) : 721494128 bytes
xfsdump: dump complete: 50 seconds elapsed
xfsdump: Dump Status: SUCCESS
xfsrestore: restore complete: 50 seconds elapsed
xfsrestore: Restore Status: SUCCESS
[vagrant@lvm vagrant]$  for i in /proc/ /sys/ /dev/ /run/ /boot/; do mount --bin                                                                                                                                                             d $i /mnt/$i; done
mount: only root can use "--bind" option
mount: only root can use "--bind" option
mount: only root can use "--bind" option
mount: only root can use "--bind" option
mount: only root can use "--bind" option
[vagrant@lvm vagrant]$  for i in /proc/ /sys/ /dev/ /run/ /boot/; do sudo mount                                                                                                                                                              --bind $i /mnt/$i; done
[vagrant@lvm vagrant]$ sudo chroot /mnt/
[root@lvm /]# sudo grub2-mk
grub2-mkconfig         grub2-mklayout         grub2-mkrelpath
grub2-mkfont           grub2-mknetdir         grub2-mkrescue
grub2-mkimage          grub2-mkpasswd-pbkdf2  grub2-mkstandalone
[root@lvm /]# sudo grub2-mkconfig -o /boot/grub2/grub
grub.cfg  grubenv
[root@lvm /]# sudo grub2-mkconfig -o /boot/grub2/grub.cfg
Generating grub configuration file ...
Found linux image: /boot/vmlinuz-3.10.0-862.2.3.el7.x86_64
Found initrd image: /boot/initramfs-3.10.0-862.2.3.el7.x86_64.img
done
[root@lvm /]# cd /boot ; for i in `sudo ls initramfs-*img`; do sudo dracut -v $i                                                                                                                                                              `echo $i|sed "s/initramfs-//g;s/.img//g"` --force; done
Executing: /sbin/dracut -v initramfs-3.10.0-862.2.3.el7.x86_64.img 3.10.0-862.2.                                                                                                                                                             3.el7.x86_64 --force
dracut module 'busybox' will not be installed, because command 'busybox' could n                                                                                                                                                             ot be found!
dracut module 'crypt' will not be installed, because command 'cryptsetup' could                                                                                                                                                              not be found!
dracut module 'dmraid' will not be installed, because command 'dmraid' could not                                                                                                                                                              be found!
dracut module 'dmsquash-live-ntfs' will not be installed, because command 'ntfs-                                                                                                                                                             3g' could not be found!
dracut module 'multipath' will not be installed, because command 'multipath' cou                                                                                                                                                             ld not be found!
dracut module 'busybox' will not be installed, because command 'busybox' could n                                                                                                                                                             ot be found!
dracut module 'crypt' will not be installed, because command 'cryptsetup' could                                                                                                                                                              not be found!
dracut module 'dmraid' will not be installed, because command 'dmraid' could not                                                                                                                                                              be found!
dracut module 'dmsquash-live-ntfs' will not be installed, because command 'ntfs-                                                                                                                                                             3g' could not be found!
dracut module 'multipath' will not be installed, because command 'multipath' cou                                                                                                                                                             ld not be found!
*** Including module: bash ***
*** Including module: nss-softokn ***
*** Including module: i18n ***
*** Including module: drm ***
*** Including module: plymouth ***
*** Including module: dm ***
Skipping udev rule: 64-device-mapper.rules
Skipping udev rule: 60-persistent-storage-dm.rules
Skipping udev rule: 55-dm.rules
*** Including module: kernel-modules ***
Omitting driver floppy
*** Including module: lvm ***
Skipping udev rule: 64-device-mapper.rules
Skipping udev rule: 56-lvm.rules
Skipping udev rule: 60-persistent-storage-lvm.rules
*** Including module: qemu ***
*** Including module: resume ***
*** Including module: rootfs-block ***
*** Including module: terminfo ***
*** Including module: udev-rules ***
Skipping udev rule: 40-redhat-cpu-hotplug.rules
Skipping udev rule: 91-permissions.rules
*** Including module: biosdevname ***
*** Including module: systemd ***
*** Including module: usrmount ***
*** Including module: base ***
*** Including module: fs-lib ***
*** Including module: shutdown ***
*** Including modules done ***
*** Installing kernel module dependencies and firmware ***
*** Installing kernel module dependencies and firmware done ***
*** Resolving executable dependencies ***
*** Resolving executable dependencies done***
*** Hardlinking files ***
*** Hardlinking files done ***
*** Stripping files ***
*** Stripping files done ***
*** Generating early-microcode cpio image contents ***
*** No early-microcode cpio image needed ***
*** Store current command line parameters ***
*** Creating image file ***
*** Creating image file done ***
*** Creating initramfs image file '/boot/initramfs-3.10.0-862.2.3.el7.x86_64.img                                                                                                                                                             ' done ***
[root@lvm boot]# lsblk
NAME                    MAJ:MIN RM  SIZE RO TYPE MOUNTPOINT
sda                       8:0    0   40G  0 disk
├─sda1                    8:1    0    1M  0 part
├─sda2                    8:2    0    1G  0 part /boot
└─sda3                    8:3    0   39G  0 part
  ├─VolGroup00-LogVol01 253:1    0  1.5G  0 lvm  [SWAP]
  └─VolGroup00-LogVol00 253:2    0    8G  0 lvm  /
sdb                       8:16   0   10G  0 disk
└─vg_root-lv_root       253:0    0   10G  0 lvm
sdc                       8:32   0    2G  0 disk
sdd                       8:48   0    1G  0 disk
sde                       8:64   0    1G  0 disk
[root@lvm boot]# pvcreate /dev/sdc/ /dev/sdd
  Device /dev/sdc/ not found.
  Physical volume "/dev/sdd" successfully created.
[root@lvm boot]# pvcreate /dev/sdc /dev/sdd
  Physical volume "/dev/sdc" successfully created.
  Physical volume "/dev/sdd" successfully created.
[root@lvm boot]# lsblk
NAME                    MAJ:MIN RM  SIZE RO TYPE MOUNTPOINT
sda                       8:0    0   40G  0 disk
├─sda1                    8:1    0    1M  0 part
├─sda2                    8:2    0    1G  0 part /boot
└─sda3                    8:3    0   39G  0 part
  ├─VolGroup00-LogVol01 253:1    0  1.5G  0 lvm  [SWAP]
  └─VolGroup00-LogVol00 253:2    0    8G  0 lvm  /
sdb                       8:16   0   10G  0 disk
└─vg_root-lv_root       253:0    0   10G  0 lvm
sdc                       8:32   0    2G  0 disk
sdd                       8:48   0    1G  0 disk
sde                       8:64   0    1G  0 disk
[root@lvm boot]# vgcreate vg_var /dev/sdc /dev/sdd
  Volume group "vg_var" successfully created
[root@lvm boot]# lsblk
NAME                    MAJ:MIN RM  SIZE RO TYPE MOUNTPOINT
sda                       8:0    0   40G  0 disk
├─sda1                    8:1    0    1M  0 part
├─sda2                    8:2    0    1G  0 part /boot
└─sda3                    8:3    0   39G  0 part
  ├─VolGroup00-LogVol01 253:1    0  1.5G  0 lvm  [SWAP]
  └─VolGroup00-LogVol00 253:2    0    8G  0 lvm  /
sdb                       8:16   0   10G  0 disk
└─vg_root-lv_root       253:0    0   10G  0 lvm
sdc                       8:32   0    2G  0 disk
sdd                       8:48   0    1G  0 disk
sde                       8:64   0    1G  0 disk
[root@lvm boot]# lvcreate -L 950M -m1 -n lv_var vg_var
  Rounding up size to full physical extent 952.00 MiB
  Logical volume "lv_var" created.
[root@lvm boot]# lsblk
NAME                     MAJ:MIN RM  SIZE RO TYPE MOUNTPOINT
sda                        8:0    0   40G  0 disk
├─sda1                     8:1    0    1M  0 part
├─sda2                     8:2    0    1G  0 part /boot
└─sda3                     8:3    0   39G  0 part
  ├─VolGroup00-LogVol01  253:1    0  1.5G  0 lvm  [SWAP]
  └─VolGroup00-LogVol00  253:2    0    8G  0 lvm  /
sdb                        8:16   0   10G  0 disk
└─vg_root-lv_root        253:0    0   10G  0 lvm
sdc                        8:32   0    2G  0 disk
├─vg_var-lv_var_rmeta_0  253:3    0    4M  0 lvm
│ └─vg_var-lv_var        253:7    0  952M  0 lvm
└─vg_var-lv_var_rimage_0 253:4    0  952M  0 lvm
  └─vg_var-lv_var        253:7    0  952M  0 lvm
sdd                        8:48   0    1G  0 disk
├─vg_var-lv_var_rmeta_1  253:5    0    4M  0 lvm
│ └─vg_var-lv_var        253:7    0  952M  0 lvm
└─vg_var-lv_var_rimage_1 253:6    0  952M  0 lvm
  └─vg_var-lv_var        253:7    0  952M  0 lvm
sde                        8:64   0    1G  0 disk
[root@lvm boot]# sudo mkfs.ext4 /dev/vg_var/lv_var
mke2fs 1.42.9 (28-Dec-2013)
Filesystem label=
OS type: Linux
Block size=4096 (log=2)
Fragment size=4096 (log=2)
Stride=0 blocks, Stripe width=0 blocks
60928 inodes, 243712 blocks
12185 blocks (5.00%) reserved for the super user
First data block=0
Maximum filesystem blocks=249561088
8 block groups
32768 blocks per group, 32768 fragments per group
7616 inodes per group
Superblock backups stored on blocks:
        32768, 98304, 163840, 229376

Allocating group tables: done
Writing inode tables: done
Creating journal (4096 blocks): done
Writing superblocks and filesystem accounting information: done

[root@lvm boot]# sudo mount /dev/vg_var/lv_var /mnt
[root@lvm boot]# sudo cp -aR /var/* /mnt
[root@lvm boot]# sudo  mkdir /tmp/oldvar && sudo mv /var/* /tmp/oldvar
[root@lvm boot]# sudo umount /mnt
[root@lvm boot]# sudo mount /dev/vg
vga_arbiter  vg_root/     vg_var/
[root@lvm boot]# sudo mount /dev/vg_var/
mount: can't find /dev/vg_var/ in /etc/fstab
[root@lvm boot]# sudo mount /dev/vg_var/lv_var /var
[root@lvm boot]# sudo echo "`blkid | grep var: | awk '{print $2}'` /var ext4 def                                                                                                                                                             aults 0 0" >> /etc/fstab
[root@lvm boot]# cat /etc/fstab | grep var
UUID="a02cadcf-ae9a-4083-933f-bad418ad0191" /var ext4 defaults 0 0
[root@lvm boot]# exit
exit

